Feb-01 18:45:07.668 [main] DEBUG nextflow.cli.Launcher - $> nextflow main.nf
Feb-01 18:45:07.699 [main] DEBUG nextflow.cli.CmdRun - N E X T F L O W  ~  version 25.04.6
Feb-01 18:45:07.709 [main] DEBUG nextflow.plugin.PluginsFacade - Setting up plugin manager > mode=prod; embedded=false; plugins-dir=/Users/praveena/.nextflow/plugins; core-plugins: nf-amazon@2.15.0,nf-azure@1.16.0,nf-cloudcache@0.4.3,nf-codecommit@0.2.3,nf-console@1.2.1,nf-google@1.21.1,nf-k8s@1.0.0,nf-tower@1.11.4,nf-wave@1.12.1
Feb-01 18:45:07.723 [main] INFO  o.pf4j.DefaultPluginStatusProvider - Enabled plugins: []
Feb-01 18:45:07.723 [main] INFO  o.pf4j.DefaultPluginStatusProvider - Disabled plugins: []
Feb-01 18:45:07.724 [main] INFO  org.pf4j.DefaultPluginManager - PF4J version 3.12.0 in 'deployment' mode
Feb-01 18:45:07.728 [main] INFO  org.pf4j.AbstractPluginManager - No plugins
Feb-01 18:45:07.736 [main] DEBUG nextflow.config.ConfigBuilder - Found config local: /Users/praveena/Desktop/PhD_all/2025/github/Nf-vfa-pn-092025/nextflow.config
Feb-01 18:45:07.736 [main] DEBUG nextflow.config.ConfigBuilder - Parsing config file: /Users/praveena/Desktop/PhD_all/2025/github/Nf-vfa-pn-092025/nextflow.config
Feb-01 18:45:07.750 [main] DEBUG n.secret.LocalSecretsProvider - Secrets store: /Users/praveena/.nextflow/secrets/store.json
Feb-01 18:45:07.752 [main] DEBUG nextflow.secret.SecretsLoader - Discovered secrets providers: [nextflow.secret.LocalSecretsProvider@616b241a] - activable => nextflow.secret.LocalSecretsProvider@616b241a
Feb-01 18:45:07.754 [main] DEBUG nextflow.config.ConfigBuilder - Applying config profile: `standard`
Feb-01 18:45:08.303 [main] DEBUG nextflow.cli.CmdRun - Applied DSL=2 by global default
Feb-01 18:45:08.310 [main] DEBUG nextflow.cli.CmdRun - Launching `main.nf` [jolly_keller] DSL2 - revision: 04bfbe0677
Feb-01 18:45:08.311 [main] DEBUG nextflow.plugin.PluginsFacade - Plugins default=[]
Feb-01 18:45:08.311 [main] DEBUG nextflow.plugin.PluginsFacade - Plugins resolved requirement=[]
Feb-01 18:45:08.333 [main] DEBUG nextflow.Session - Session UUID: 479bbb15-9e49-4f61-97b7-aef5a3e933cf
Feb-01 18:45:08.333 [main] DEBUG nextflow.Session - Run name: jolly_keller
Feb-01 18:45:08.334 [main] DEBUG nextflow.Session - Executor pool size: 12
Feb-01 18:45:08.338 [main] DEBUG nextflow.file.FilePorter - File porter settings maxRetries=3; maxTransfers=50; pollTimeout=null
Feb-01 18:45:08.340 [main] DEBUG nextflow.util.ThreadPoolBuilder - Creating thread pool 'FileTransfer' minSize=10; maxSize=36; workQueue=LinkedBlockingQueue[-1]; allowCoreThreadTimeout=false
Feb-01 18:45:08.353 [main] DEBUG nextflow.cli.CmdRun - 
  Version: 25.04.6 build 5954
  Created: 01-07-2025 11:27 UTC (07:27 EDT)
  System: Mac OS X 14.5
  Runtime: Groovy 4.0.26 on OpenJDK 64-Bit Server VM 17.0.10+7
  Encoding: UTF-8 (UTF-8)
  Process: 46807@MacBook-Pro.lan [192.168.1.119]
  CPUs: 12 - Mem: 32 GB (2.4 GB) - Swap: 0 (0)
Feb-01 18:45:08.359 [main] DEBUG nextflow.Session - Work-dir: /Users/praveena/Desktop/PhD_all/2025/github/Nf-vfa-pn-092025/work [Mac OS X]
Feb-01 18:45:08.373 [main] DEBUG nextflow.executor.ExecutorFactory - Extension executors providers=[]
Feb-01 18:45:08.377 [main] DEBUG nextflow.Session - Observer factory: DefaultObserverFactory
Feb-01 18:45:08.379 [main] DEBUG nextflow.Session - Observer factory (v2): LinObserverFactory
Feb-01 18:45:08.388 [main] DEBUG nextflow.cache.CacheFactory - Using Nextflow cache factory: nextflow.cache.DefaultCacheFactory
Feb-01 18:45:08.391 [main] DEBUG nextflow.util.CustomThreadPool - Creating default thread pool > poolSize: 13; maxThreads: 1000
Feb-01 18:45:08.412 [main] DEBUG nextflow.Session - Session start
Feb-01 18:45:08.542 [main] DEBUG nextflow.script.ScriptRunner - Parsed script files:
Feb-01 18:45:08.545 [main] ERROR nextflow.cli.Launcher - Script compilation error
- file : /Users/praveena/Desktop/PhD_all/2025/github/Nf-vfa-pn-092025/main.nf
- cause: Unexpected input: '{' @ line 217, column 33.
   process FigureGenerationTrinity {
                                   ^

1 error

NOTE: If this is the beginning of a process or workflow, there may be a syntax error in the body, such as a missing or extra comma, for which a more specific error message could not be produced.
nextflow.exception.ScriptCompilationException: Script compilation error
- file : /Users/praveena/Desktop/PhD_all/2025/github/Nf-vfa-pn-092025/main.nf
- cause: Unexpected input: '{' @ line 217, column 33.
   process FigureGenerationTrinity {
                                   ^

1 error

NOTE: If this is the beginning of a process or workflow, there may be a syntax error in the body, such as a missing or extra comma, for which a more specific error message could not be produced.
	at nextflow.script.parser.v1.ScriptLoaderV1.parse0(ScriptLoaderV1.groovy:204)
	at nextflow.script.parser.v1.ScriptLoaderV1.parse(ScriptLoaderV1.groovy:215)
	at nextflow.script.parser.v1.ScriptLoaderV1.parse(ScriptLoaderV1.groovy)
	at nextflow.script.ScriptRunner.parseScript(ScriptRunner.groovy:232)
	at nextflow.script.ScriptRunner.execute(ScriptRunner.groovy:137)
	at nextflow.cli.CmdRun.run(CmdRun.groovy:379)
	at nextflow.cli.Launcher.run(Launcher.groovy:513)
	at nextflow.cli.Launcher.main(Launcher.groovy:673)
Caused by: org.codehaus.groovy.control.MultipleCompilationErrorsException: startup failed:
Script_b961752a897deb8b: 217: Unexpected input: '{' @ line 217, column 33.
   process FigureGenerationTrinity {
                                   ^

1 error

	at org.codehaus.groovy.control.ErrorCollector.failIfErrors(ErrorCollector.java:292)
	at org.codehaus.groovy.control.ErrorCollector.addFatalError(ErrorCollector.java:148)
	at org.apache.groovy.parser.antlr4.AstBuilder.collectSyntaxError(AstBuilder.java:4730)
	at org.apache.groovy.parser.antlr4.AstBuilder.access$100(AstBuilder.java:169)
	at org.apache.groovy.parser.antlr4.AstBuilder$3.syntaxError(AstBuilder.java:4741)
	at groovyjarjarantlr4.v4.runtime.ProxyErrorListener.syntaxError(ProxyErrorListener.java:44)
	at groovyjarjarantlr4.v4.runtime.Parser.notifyErrorListeners(Parser.java:543)
	at groovyjarjarantlr4.v4.runtime.DefaultErrorStrategy.notifyErrorListeners(DefaultErrorStrategy.java:154)
	at org.apache.groovy.parser.antlr4.internal.DescriptiveErrorStrategy.reportInputMismatch(DescriptiveErrorStrategy.java:104)
	at org.apache.groovy.parser.antlr4.internal.DescriptiveErrorStrategy.recover(DescriptiveErrorStrategy.java:55)
	at org.apache.groovy.parser.antlr4.internal.DescriptiveErrorStrategy.recoverInline(DescriptiveErrorStrategy.java:68)
	at groovyjarjarantlr4.v4.runtime.Parser.match(Parser.java:213)
	at org.apache.groovy.parser.antlr4.GroovyParser.compilationUnit(GroovyParser.java:368)
	at org.apache.groovy.parser.antlr4.AstBuilder.buildCST(AstBuilder.java:243)
	at org.apache.groovy.parser.antlr4.AstBuilder.buildCST(AstBuilder.java:221)
	at org.apache.groovy.parser.antlr4.AstBuilder.buildAST(AstBuilder.java:262)
	at org.apache.groovy.parser.antlr4.Antlr4ParserPlugin.buildAST(Antlr4ParserPlugin.java:58)
	at org.codehaus.groovy.control.SourceUnit.buildAST(SourceUnit.java:256)
	at java.base/java.util.Iterator.forEachRemaining(Iterator.java:133)
	at java.base/java.util.Spliterators$IteratorSpliterator.forEachRemaining(Spliterators.java:1845)
	at java.base/java.util.stream.ReferencePipeline$Head.forEach(ReferencePipeline.java:762)
	at org.codehaus.groovy.control.CompilationUnit.compile(CompilationUnit.java:663)
	at groovy.lang.GroovyClassLoader.doParseClass(GroovyClassLoader.java:365)
	at groovy.lang.GroovyClassLoader.lambda$parseClass$2(GroovyClassLoader.java:314)
	at org.codehaus.groovy.runtime.memoize.StampedCommonCache.compute(StampedCommonCache.java:163)
	at org.codehaus.groovy.runtime.memoize.StampedCommonCache.getAndPut(StampedCommonCache.java:154)
	at groovy.lang.GroovyClassLoader.parseClass(GroovyClassLoader.java:314)
	at groovy.lang.GroovyShell.parseClass(GroovyShell.java:572)
	at groovy.lang.GroovyShell.parse(GroovyShell.java:585)
	at groovy.lang.GroovyShell.parse(GroovyShell.java:639)
	at groovy.lang.GroovyShell.parse(GroovyShell.java:643)
	at nextflow.script.parser.v1.ScriptLoaderV1.parse0(ScriptLoaderV1.groovy:183)
	... 7 common frames omitted
